// Jest Snapshot v1, https://goo.gl/fbAQLP

exports[`renders correctly 1`] = `
<div
  className="margin-top-small"
  style={
    Object {
      "maxWidth": "750px",
    }
  }
>
  <h2
    className="margin-top-small"
  >
    My account
  </h2>
  <form
    className="flexbox space-between"
  >
    <div
      className="MuiFormControl-root"
    >
      <label
        className="MuiFormLabel-root MuiInputLabel-root MuiInputLabel-formControl MuiInputLabel-animated"
        data-shrink={false}
        htmlFor="email"
      >
        Email
      </label>
      <div
        className="MuiInputBase-root MuiInput-root MuiInput-underline MuiInputBase-formControl MuiInput-formControl"
        onClick={[Function]}
        onKeyPress={[Function]}
        style={
          Object {
            "maxWidth": "100%",
            "width": "400px",
          }
        }
      >
        <input
          aria-invalid={false}
          className="MuiInputBase-input MuiInput-input"
          disabled={false}
          id="email"
          name="email"
          onBlur={[Function]}
          onChange={[Function]}
          onFocus={[Function]}
          placeholder="Email"
          required={false}
          type="text"
        />
      </div>
      <p
        className="MuiFormHelperText-root"
        id="component-error-text"
      />
    </div>
  </form>
  <form
    className="margin-top flexbox space-between"
  >
    <button
      className="MuiButtonBase-root MuiButton-root button-holder undefined MuiButton-text MuiButton-textPrimary"
      disabled={false}
      id="change_pass"
      onBlur={[Function]}
      onClick={[Function]}
      onDragLeave={[Function]}
      onFocus={[Function]}
      onKeyDown={[Function]}
      onKeyUp={[Function]}
      onMouseDown={[Function]}
      onMouseLeave={[Function]}
      onMouseUp={[Function]}
      onTouchEnd={[Function]}
      onTouchMove={[Function]}
      onTouchStart={[Function]}
      tabIndex={0}
      type="button"
    >
      <span
        className="MuiButton-label"
      >
        Change password
      </span>
    </button>
  </form>
  <p
    className="info icon"
  >
    <svg
      aria-hidden="true"
      className="MuiSvgIcon-root MuiSvgIcon-fontSizeSmall"
      focusable="false"
      role="presentation"
      style={
        Object {
          "margin": "0 6px 4px 0",
          "verticalAlign": "middle",
        }
      }
      viewBox="0 0 24 24"
    >
      <path
        d="M11 7h2v2h-2zm0 4h2v6h-2zm1-9C6.48 2 2 6.48 2 12s4.48 10 10 10 10-4.48 10-10S17.52 2 12 2zm0 18c-4.41 0-8-3.59-8-8s3.59-8 8-8 8 3.59 8 8-3.59 8-8 8z"
      />
    </svg>
    With a commercial Mender plan you can set up Two Factor Authentication to add an additional layer of security to accounts. 
    <a
      href="https://mender.io"
      target="_blank"
    >
      Learn more
    </a>
  </p>
</div>
`;
